0 verbose cli /usr/local/bin/node /usr/local/bin/npm
1 info using npm@10.8.2
2 info using node@v20.20.2
3 silly config load:file:/usr/local/lib/node_modules/npm/npmrc
4 silly config load:file:/workspace/.npmrc
5 silly config load:file:/home/node/.npmrc
6 silly config load:file:/usr/local/etc/npmrc
7 verbose title npm create vite@latest frontend --template react
8 verbose argv "create" "vite@latest" "frontend" "--" "--template" "react"
9 verbose logfile logs-max:10 dir:/workspace/.npm-cache/_logs/2026-09-21T01_21_37_100Z-
10 verbose logfile /workspace/.npm-cache/_logs/2026-09-21T01_21_37_100Z-debug-0.log
11 silly logfile done cleaning log files
12 silly packumentCache heap:4345298944 maxSize:1086324736 maxEntrySize:543162368
13 http fetch GET 200 https://registry.npmjs.org/npm 428ms
14 http fetch GET 200 https://registry.npmjs.org/create-vite 658ms (cache miss)
15 silly packumentCache heap:4345298944 maxSize:1086324736 maxEntrySize:543162368
16 warn exec The following package was not found and will be installed: create-vite@9.2.1
17 silly idealTree buildDeps
18 silly fetch manifest create-vite@9.2.1
19 silly packumentCache full:https://registry.npmjs.org/create-vite cache-miss
20 http fetch GET 200 https://registry.npmjs.org/create-vite 87ms (cache miss)
21 silly packumentCache full:https://registry.npmjs.org/create-vite set size:undefined disposed:false
22 silly placeDep ROOT create-vite@9.2.1 OK for:  want: 9.2.1
23 silly reify moves {}
24 silly audit bulk request { 'create-vite': [ '9.2.1' ] }
25 silly tarball no local data for create-vite@https://registry.npmjs.org/create-vite/-/create-vite-9.2.1.tgz. Extracting by manifest.
26 http fetch GET 200 https://registry.npmjs.org/create-vite/-/create-vite-9.2.1.tgz 164ms (cache miss)
27 http fetch POST 200 https://registry.npmjs.org/-/npm/v1/security/advisories/bulk 185ms
28 silly audit report {}
29 verbose cwd /workspace
30 verbose os Linux 7.0.12-linuxkit
31 verbose node v20.20.2
32 verbose npm  v10.8.2
33 notice
33 notice New major version of npm available! 10.8.2 -> 12.0.2
33 notice Changelog: https://github.com/npm/cli/releases/tag/v12.0.2
33 notice To update run: npm install -g npm@12.0.2
33 notice  { force: true, [Symbol(proc-log.meta)]: true }
34 verbose exit 0
35 info ok
